virgile@virgile-GL752VW:~/Desktop/WILDCODESCHOOL/Gits/Quest4-conflict$ git pull
Auto-merging README.md
CONFLICT (content): Merge conflict in README.md
Automatic merge failed; fix conflicts and then commit the result.
virgile@virgile-GL752VW:~/Desktop/WILDCODESCHOOL/Gits/Quest4-conflict$ git add README.md 
virgile@virgile-GL752VW:~/Desktop/WILDCODESCHOOL/Gits/Quest4-conflict$ git commit -m "changed readme"
[master 7ded272] changed readme
virgile@virgile-GL752VW:~/Desktop/WILDCODESCHOOL/Gits/Quest4-conflict$ git pull
Already up to date.
virgile@virgile-GL752VW:~/Desktop/WILDCODESCHOOL/Gits/Quest4-conflict$ git push origin master
Username for 'https://github.com': Varkoff
Password for 'https://Varkoff@github.com': 
Counting objects: 4, done.
Delta compression using up to 8 threads.
Compressing objects: 100% (3/3), done.
Writing objects: 100% (4/4), 423 bytes | 423.00 KiB/s, done.
Total 4 (delta 1), reused 0 (delta 0)
remote: Resolving deltas: 100% (1/1), done.
To https://github.com/Varkoff/Quest4-conflict
   40f7de5..7ded272  master -> master
virgile@virgile-GL752VW:~/Desktop/WILDCODESCHOOL/Gits/Quest4-conflict$ 
